{
  "passed": false,
  "geometry": {
    "triangles": 138798,
    "maximumVertexDisplacementMeters": 0.0,
    "maximumCornerNormalAngleDegrees": 0.23343520140978957,
    "undefinedSourceCornerNormals": 17,
    "positionLimitMeters": 0,
    "normalLimitDegrees": 0.5,
    "bijectiveFaceMatch": true,
    "materialsAndWindingPreserved": true
  },
  "clearance": {
    "passed": false,
    "scope": "actual decoded canopy against the supplied final terrain triangles",
    "canopyFaces": 138798,
    "terrainFaces": 726496,
    "overlapPairsChecked": 497223,
    "minimumRequiredClearanceMeters": 9.5,
    "minimumClearanceMeters": 9.855913638982727,
    "failedClearanceFaces": 0,
    "failureExamples": [],
    "failedClearanceFaceIndices": [],
    "verticalCanopyFacesChecked": 1182,
    "failedVerticalCanopyFaces": [],
    "verticalFacesWithUncoveredEdges": [
      16396,
      75710,
      96813,
      99582,
      112372,
      113732,
      113733,
      114719,
      114720,
      116922,
      116925,
      124291,
      124311,
      124933
    ],
    "zeroAreaCanopyFaces": 297,
    "missingCoverageSquareMeters": 1013.2437295216837,
    "sumOfPerFaceMissingCoverageSquareMeters": 1013.2446188004965,
    "coverageToleranceMeters": 0.002,
    "coverageOutsideToleranceSquareMeters": 591.1841839405805,
    "maximumFaceMissingCoverageSquareMeters": 1.4179345378535855,
    "facesMissingMoreThan0_01SquareMeters": 2556,
    "ignoredCanopyVerticalOrDegenerateFaces": 1479,
    "ignoredGroundVerticalOrDegenerateFaces": 22196
  }
}
