{
  "passed": false,
  "geometry": {
    "triangles": 43826,
    "maximumVertexDisplacementMeters": 0.0,
    "maximumCornerNormalAngleDegrees": 0.23100998868102612,
    "undefinedSourceCornerNormals": 13,
    "positionLimitMeters": 0,
    "normalLimitDegrees": 0.5,
    "bijectiveFaceMatch": true,
    "materialsAndWindingPreserved": true
  },
  "clearance": {
    "passed": false,
    "scope": "actual decoded canopy against the supplied final terrain triangles",
    "canopyFaces": 43826,
    "terrainFaces": 726496,
    "overlapPairsChecked": 159233,
    "minimumRequiredClearanceMeters": 9.5,
    "minimumClearanceMeters": 9.676419041166184,
    "failedClearanceFaces": 0,
    "failureExamples": [],
    "failedClearanceFaceIndices": [],
    "verticalCanopyFacesChecked": 88,
    "failedVerticalCanopyFaces": [],
    "verticalFacesWithUncoveredEdges": [
      3405,
      31723,
      31875,
      31877,
      32792,
      32794
    ],
    "zeroAreaCanopyFaces": 65,
    "missingCoverageSquareMeters": 796.9959423247532,
    "sumOfPerFaceMissingCoverageSquareMeters": 796.995947997189,
    "coverageToleranceMeters": 0.002,
    "coverageOutsideToleranceSquareMeters": 504.46075011351667,
    "maximumFaceMissingCoverageSquareMeters": 1.5438592306972603,
    "facesMissingMoreThan0_01SquareMeters": 2272,
    "ignoredCanopyVerticalOrDegenerateFaces": 153,
    "ignoredGroundVerticalOrDegenerateFaces": 22196
  }
}
