{
  "passed": false,
  "scope": "continuous native mesh overlap; compressed export and visual QA are separate",
  "canopyFaces": 138798,
  "terrainFaces": 726496,
  "overlapPairsChecked": 648575,
  "minimumRequiredClearanceMeters": 9.5,
  "minimumClearanceMeters": 8.302147836411677,
  "failedClearanceFaces": 168,
  "failedClearanceFaceIndices": [
    1570,
    1571,
    9032,
    9058,
    9059,
    11415,
    11457,
    11458,
    11459,
    12075,
    12077,
    12078,
    21480,
    21481,
    21485,
    21487,
    21488,
    21489,
    21490,
    33775,
    33777,
    33778,
    33802,
    33803,
    44634,
    44635,
    44782,
    44783,
    58321,
    59213,
    61538,
    61539,
    61540,
    61630,
    61631,
    62663,
    62672,
    62674,
    62679,
    62680,
    63806,
    66784,
    66785,
    67096,
    67097,
    67113,
    67431,
    67432,
    67433,
    68629,
    68630,
    68763,
    68764,
    70945,
    70946,
    73766,
    73777,
    73778,
    73779,
    74749,
    77518,
    77519,
    77520,
    78072,
    78078,
    78079,
    78083,
    78084,
    78085,
    78087,
    78088,
    78089,
    78090,
    78091,
    78202,
    78205,
    78206,
    78207,
    78209,
    78210,
    78211,
    78490,
    78506,
    78524,
    78525,
    78526,
    78528,
    78529,
    78530,
    78532,
    78533,
    78534,
    87029,
    87030,
    91076,
    91077,
    91078,
    91079,
    91080,
    91082,
    91180,
    91182,
    91183,
    92088,
    92115,
    92117,
    98469,
    98470,
    98839,
    98840,
    99870,
    99898,
    99899,
    99900,
    99901,
    100350,
    100351,
    102352,
    102354,
    114027,
    114234,
    114277,
    114278,
    114326,
    114327,
    118269,
    118270,
    118271,
    118279,
    120120,
    120178,
    121762,
    121763,
    122096,
    126360,
    127514,
    127515,
    127516,
    128109,
    128110,
    128283,
    128286,
    128287,
    128313,
    129173,
    129174,
    129175,
    129220,
    130260,
    130272,
    132117,
    132731,
    132732,
    132733,
    132743,
    132744,
    132745,
    134165,
    134166,
    134167,
    135989,
    135990,
    135991,
    135992,
    135993,
    135994,
    135995,
    135996
  ],
  "verticalCanopyFacesChecked": 183,
  "failedVerticalCanopyFaces": [
    73765,
    74750,
    92145,
    118280,
    122097
  ],
  "verticalFacesWithUncoveredEdges": [
    30579,
    86615,
    86616
  ],
  "zeroAreaCanopyFaces": 3776,
  "missingCoverageSquareMeters": 1001.8967160353478,
  "sumOfPerFaceMissingCoverageSquareMeters": 1050.6986349076724,
  "coverageToleranceMeters": 0.002,
  "coverageOutsideToleranceSquareMeters": 585.3144317012831,
  "maximumFaceMissingCoverageSquareMeters": 2.1953321993350983,
  "facesMissingMoreThan0_01SquareMeters": 2449,
  "ignoredCanopyVerticalOrDegenerateFaces": 3959,
  "ignoredGroundVerticalOrDegenerateFaces": 22196
}
