{
  "passed": false,
  "scope": "continuous native mesh overlap; compressed export and visual QA are separate",
  "canopyFaces": 66446,
  "terrainFaces": 316384,
  "overlapPairsChecked": 296429,
  "minimumRequiredClearanceMeters": 9.5,
  "minimumClearanceMeters": 6.654404807490266,
  "failedClearanceFaces": 108,
  "failedClearanceFaceIndices": [
    4737,
    4816,
    4817,
    4824,
    4825,
    4826,
    5085,
    5087,
    6343,
    18433,
    18435,
    18436,
    22641,
    22642,
    22643,
    22644,
    30259,
    30550,
    30629,
    30642,
    30660,
    30661,
    30820,
    30821,
    30822,
    30841,
    30843,
    31037,
    31038,
    31039,
    31046,
    31047,
    31324,
    33044,
    33045,
    33046,
    33077,
    33085,
    33086,
    38594,
    38595,
    38600,
    38601,
    38775,
    38963,
    38964,
    38965,
    39006,
    39007,
    39013,
    39075,
    39076,
    39741,
    39742,
    39849,
    39914,
    39915,
    40304,
    40777,
    40778,
    48098,
    48099,
    51169,
    51170,
    51202,
    51203,
    51330,
    51331,
    51332,
    51403,
    51404,
    51468,
    51469,
    51470,
    51471,
    51680,
    51896,
    56519,
    56543,
    59383,
    59384,
    59489,
    59490,
    59618,
    59619,
    59620,
    59874,
    59969,
    59970,
    60116,
    60397,
    60475,
    60476,
    60498,
    60499,
    60698,
    60699,
    60753,
    64562,
    64563,
    64564,
    64567,
    64568,
    64569,
    64699,
    64700,
    64704,
    64705
  ],
  "verticalCanopyFacesChecked": 138,
  "failedVerticalCanopyFaces": [
    4738,
    6344,
    30260,
    30549,
    33078,
    38593,
    39848,
    51679,
    51897,
    56541
  ],
  "verticalFacesWithUncoveredEdges": [
    52464
  ],
  "zeroAreaCanopyFaces": 2141,
  "missingCoverageSquareMeters": 504.4276970583704,
  "sumOfPerFaceMissingCoverageSquareMeters": 608.0801089133582,
  "coverageToleranceMeters": 0.002,
  "coverageOutsideToleranceSquareMeters": 294.7430842727083,
  "maximumFaceMissingCoverageSquareMeters": 3.4664612420753915,
  "facesMissingMoreThan0_01SquareMeters": 894,
  "ignoredCanopyVerticalOrDegenerateFaces": 2279,
  "ignoredGroundVerticalOrDegenerateFaces": 22192
}
