{
  "passed": false,
  "scope": "continuous native mesh overlap; compressed export and visual QA are separate",
  "canopyFaces": 22011,
  "terrainFaces": 316384,
  "overlapPairsChecked": 61072,
  "minimumRequiredClearanceMeters": 9.5,
  "minimumClearanceMeters": 9.464124708880206,
  "failedClearanceFaces": 1,
  "failedClearanceFaceIndices": [
    5780
  ],
  "verticalCanopyFacesChecked": 42,
  "failedVerticalCanopyFaces": [],
  "verticalFacesWithUncoveredEdges": [],
  "zeroAreaCanopyFaces": 523,
  "missingCoverageSquareMeters": 625.7598298986538,
  "sumOfPerFaceMissingCoverageSquareMeters": 630.0409853540206,
  "coverageToleranceMeters": 0.002,
  "coverageOutsideToleranceSquareMeters": 488.03964831415817,
  "maximumFaceMissingCoverageSquareMeters": 5.509612709308717,
  "facesMissingMoreThan0_01SquareMeters": 564,
  "ignoredCanopyVerticalOrDegenerateFaces": 565,
  "ignoredGroundVerticalOrDegenerateFaces": 22192
}
