{
  "passed": false,
  "scope": "continuous native mesh overlap; compressed export and visual QA are separate",
  "canopyFaces": 43826,
  "terrainFaces": 726496,
  "overlapPairsChecked": 160723,
  "minimumRequiredClearanceMeters": 9.5,
  "minimumClearanceMeters": 9.134687880173686,
  "failedClearanceFaces": 20,
  "failedClearanceFaceIndices": [
    5996,
    7281,
    7282,
    7283,
    7284,
    7350,
    7363,
    7364,
    7365,
    7741,
    7742,
    7743,
    15861,
    15862,
    15863,
    20002,
    20015,
    20016,
    20017,
    35500
  ],
  "verticalCanopyFacesChecked": 85,
  "failedVerticalCanopyFaces": [],
  "verticalFacesWithUncoveredEdges": [
    2516,
    8423
  ],
  "zeroAreaCanopyFaces": 647,
  "missingCoverageSquareMeters": 1074.6452204849418,
  "sumOfPerFaceMissingCoverageSquareMeters": 1100.0672093440642,
  "coverageToleranceMeters": 0.002,
  "coverageOutsideToleranceSquareMeters": 794.7338526945389,
  "maximumFaceMissingCoverageSquareMeters": 11.854950111859408,
  "facesMissingMoreThan0_01SquareMeters": 1719,
  "ignoredCanopyVerticalOrDegenerateFaces": 732,
  "ignoredGroundVerticalOrDegenerateFaces": 22196
}
