{
  "passed": true,
  "scope": "continuous native mesh overlap; compressed export and visual QA are separate",
  "canopyFaces": 138798,
  "terrainFaces": 726496,
  "overlapPairsChecked": 328022,
  "minimumRequiredClearanceMeters": 9.5,
  "minimumClearanceMeters": 9.855913638982727,
  "failedClearanceFaces": 0,
  "failedClearanceFaceIndices": [],
  "verticalCanopyFacesChecked": 1182,
  "failedVerticalCanopyFaces": [],
  "verticalFacesWithUncoveredEdges": [],
  "zeroAreaCanopyFaces": 297,
  "missingCoverageSquareMeters": 11.939336178985876,
  "sumOfPerFaceMissingCoverageSquareMeters": 11.945463904326818,
  "coverageToleranceMeters": 0.002,
  "coverageOutsideToleranceSquareMeters": 0.0,
  "maximumFaceMissingCoverageSquareMeters": 0.0915194223568552,
  "facesMissingMoreThan0_01SquareMeters": 402,
  "ignoredCanopyVerticalOrDegenerateFaces": 1479,
  "ignoredGroundVerticalOrDegenerateFaces": 22148
}
