{
  "passed": true,
  "scope": "continuous native mesh overlap; compressed export and visual QA are separate",
  "canopyFaces": 43826,
  "terrainFaces": 726496,
  "overlapPairsChecked": 115033,
  "minimumRequiredClearanceMeters": 9.5,
  "minimumClearanceMeters": 9.676700093753254,
  "failedClearanceFaces": 0,
  "failedClearanceFaceIndices": [],
  "verticalCanopyFacesChecked": 88,
  "failedVerticalCanopyFaces": [],
  "verticalFacesWithUncoveredEdges": [],
  "zeroAreaCanopyFaces": 65,
  "missingCoverageSquareMeters": 13.642537463202435,
  "sumOfPerFaceMissingCoverageSquareMeters": 13.649864748091876,
  "coverageToleranceMeters": 0.002,
  "coverageOutsideToleranceSquareMeters": 0.0,
  "maximumFaceMissingCoverageSquareMeters": 0.10295478175217639,
  "facesMissingMoreThan0_01SquareMeters": 425,
  "ignoredCanopyVerticalOrDegenerateFaces": 153,
  "ignoredGroundVerticalOrDegenerateFaces": 22148
}
