{
  "passed": true,
  "geometry": {
    "triangles": 22235,
    "maximumVertexDisplacementMeters": 0.0,
    "maximumCornerNormalAngleDegrees": 0.22740406209301045,
    "undefinedSourceCornerNormals": 2,
    "positionLimitMeters": 0,
    "normalLimitDegrees": 0.5,
    "bijectiveFaceMatch": true,
    "materialsAndWindingPreserved": true
  },
  "clearance": {
    "passed": true,
    "scope": "actual decoded canopy against the supplied final terrain triangles",
    "canopyFaces": 22235,
    "terrainFaces": 316384,
    "overlapPairsChecked": 49486,
    "minimumRequiredClearanceMeters": 9.5,
    "minimumClearanceMeters": 9.610372051059436,
    "failedClearanceFaces": 0,
    "failureExamples": [],
    "failedClearanceFaceIndices": [],
    "verticalCanopyFacesChecked": 92,
    "failedVerticalCanopyFaces": [],
    "verticalFacesWithUncoveredEdges": [],
    "zeroAreaCanopyFaces": 56,
    "missingCoverageSquareMeters": 7.58165320471511,
    "sumOfPerFaceMissingCoverageSquareMeters": 7.584056067743404,
    "coverageToleranceMeters": 0.002,
    "coverageOutsideToleranceSquareMeters": 0.0,
    "maximumFaceMissingCoverageSquareMeters": 0.1830374816040161,
    "facesMissingMoreThan0_01SquareMeters": 144,
    "ignoredCanopyVerticalOrDegenerateFaces": 148,
    "ignoredGroundVerticalOrDegenerateFaces": 22148
  }
}
