{
  "passed": true,
  "geometry": {
    "triangles": 141754,
    "maximumVertexDisplacementMeters": 0.0,
    "maximumCornerNormalAngleDegrees": 0.23343520140978957,
    "undefinedSourceCornerNormals": 56,
    "positionLimitMeters": 0,
    "normalLimitDegrees": 0.5,
    "bijectiveFaceMatch": true,
    "materialsAndWindingPreserved": true
  },
  "clearance": {
    "passed": true,
    "scope": "actual decoded canopy against the supplied final terrain triangles",
    "canopyFaces": 141754,
    "terrainFaces": 726496,
    "overlapPairsChecked": 330640,
    "minimumRequiredClearanceMeters": 9.5,
    "minimumClearanceMeters": 9.855913638982727,
    "failedClearanceFaces": 0,
    "failureExamples": [],
    "failedClearanceFaceIndices": [],
    "verticalCanopyFacesChecked": 2056,
    "failedVerticalCanopyFaces": [],
    "verticalFacesWithUncoveredEdges": [],
    "zeroAreaCanopyFaces": 541,
    "missingCoverageSquareMeters": 11.939336178985876,
    "sumOfPerFaceMissingCoverageSquareMeters": 11.945463915165833,
    "coverageToleranceMeters": 0.002,
    "coverageOutsideToleranceSquareMeters": 0.0,
    "maximumFaceMissingCoverageSquareMeters": 0.0915194223568552,
    "facesMissingMoreThan0_01SquareMeters": 505,
    "ignoredCanopyVerticalOrDegenerateFaces": 2597,
    "ignoredGroundVerticalOrDegenerateFaces": 22148
  }
}
