{
  "passed": true,
  "geometry": {
    "triangles": 68949,
    "maximumVertexDisplacementMeters": 0.0,
    "maximumCornerNormalAngleDegrees": 0.23317488196293032,
    "undefinedSourceCornerNormals": 36,
    "positionLimitMeters": 0,
    "normalLimitDegrees": 0.5,
    "bijectiveFaceMatch": true,
    "materialsAndWindingPreserved": true
  },
  "clearance": {
    "passed": true,
    "scope": "actual decoded canopy against the supplied final terrain triangles",
    "canopyFaces": 68949,
    "terrainFaces": 316384,
    "overlapPairsChecked": 132225,
    "minimumRequiredClearanceMeters": 9.5,
    "minimumClearanceMeters": 9.855913638648417,
    "failedClearanceFaces": 0,
    "failureExamples": [],
    "failedClearanceFaceIndices": [],
    "verticalCanopyFacesChecked": 1008,
    "failedVerticalCanopyFaces": [],
    "verticalFacesWithUncoveredEdges": [],
    "zeroAreaCanopyFaces": 255,
    "missingCoverageSquareMeters": 7.15881328038087,
    "sumOfPerFaceMissingCoverageSquareMeters": 7.15969489191907,
    "coverageToleranceMeters": 0.002,
    "coverageOutsideToleranceSquareMeters": 0.0,
    "maximumFaceMissingCoverageSquareMeters": 0.09151932302858985,
    "facesMissingMoreThan0_01SquareMeters": 297,
    "ignoredCanopyVerticalOrDegenerateFaces": 1263,
    "ignoredGroundVerticalOrDegenerateFaces": 22148
  }
}
