{
  "passed": true,
  "geometry": {
    "triangles": 44015,
    "maximumVertexDisplacementMeters": 0.0,
    "maximumCornerNormalAngleDegrees": 0.22958865107051107,
    "undefinedSourceCornerNormals": 7,
    "positionLimitMeters": 0,
    "normalLimitDegrees": 0.5,
    "bijectiveFaceMatch": true,
    "materialsAndWindingPreserved": true
  },
  "clearance": {
    "passed": true,
    "scope": "actual decoded canopy against the supplied final terrain triangles",
    "canopyFaces": 44015,
    "terrainFaces": 726496,
    "overlapPairsChecked": 115175,
    "minimumRequiredClearanceMeters": 9.5,
    "minimumClearanceMeters": 9.676700093753254,
    "failedClearanceFaces": 0,
    "failureExamples": [],
    "failedClearanceFaceIndices": [],
    "verticalCanopyFacesChecked": 180,
    "failedVerticalCanopyFaces": [],
    "verticalFacesWithUncoveredEdges": [],
    "zeroAreaCanopyFaces": 84,
    "missingCoverageSquareMeters": 13.642537463202435,
    "sumOfPerFaceMissingCoverageSquareMeters": 13.649864748449263,
    "coverageToleranceMeters": 0.002,
    "coverageOutsideToleranceSquareMeters": 0.0,
    "maximumFaceMissingCoverageSquareMeters": 0.10295478175217639,
    "facesMissingMoreThan0_01SquareMeters": 425,
    "ignoredCanopyVerticalOrDegenerateFaces": 264,
    "ignoredGroundVerticalOrDegenerateFaces": 22148
  }
}
