INFO Draco is available, use library at /Applications/Blender.app/Contents/Resources/5.2/scripts/addons_core/io_scene_gltf2/libbf_intern_draco_bridge.dylib
INFO MeshOptimizer is available, use library at /Applications/Blender.app/Contents/Resources/5.2/scripts/addons_core/io_scene_gltf2/libbf_intern_meshopt_bridge.dylib
13:31:31 | INFO: Starting glTF 2.0 export
13:31:31 | INFO: Extracting primitive: Reservoir_banks
13:31:31 | INFO: Primitives created: 1
13:31:31 | INFO: Extracting primitive: Reservoir_terrain
13:31:31 | INFO: Primitives created: 3
13:31:31 | INFO: Extracting primitive: Reservoir_water_438
13:31:31 | INFO: Primitives created: 1
13:31:31 | INFO: Extracting primitive: Reservoir_water_440
13:31:31 | INFO: Primitives created: 1
13:31:31 | INFO: Extracting primitive: Reservoir_water_470
13:31:31 | INFO: Primitives created: 1
13:31:31 | INFO: Extracting primitive: Reservoir_water_472
13:31:31 | INFO: Primitives created: 1
13:31:31 | INFO: Draco encoder: Encoding mesh Reservoir_banks.
13:31:31 | INFO: Draco encoder: Encoding mesh Reservoir_terrain.
13:31:31 | INFO: Draco encoder: Encoding mesh Reservoir_water_438.
13:31:31 | INFO: Draco encoder: Encoding mesh Reservoir_water_440.
13:31:31 | INFO: Draco encoder: Encoding mesh Reservoir_water_470.
13:31:31 | INFO: Draco encoder: Encoding mesh Reservoir_water_472.
13:31:31 | INFO: Finished glTF 2.0 export in 0.05320405960083008 s

Info: Saved as "detail.blend"
detail {'triangles': 8909, 'waterTriangles': 591, 'bankQuads': 1379, 'collapsedFaces': 0, 'maxSamplerErrorMeters': np.float64(7.165157356325835e-10), 'boundarySamples': 1488, 'maximumBoundaryErrorMeters': 0.0006903543407821289, 'restoredCityBoundarySides': [], 'cityCutSamples': 0, 'maximumCityCutSamplerErrorMeters': 0.0, 'protectedWaterBanks': [], 'files': {'npz': {'sha256': 'bd01e4995d4ae3889ce5e875fe37767d9cb130649c4d27e64986b02215d9569a', 'bytes': 242456}, 'glb': {'sha256': '0547faef847899abf1e77bf1eaf12410dfcfc879f8ee453182143e7f35dd3f22', 'bytes': 440500}, 'blend': {'sha256': 'ebc8c755de3cf773c3e7f00c0525a9afbc6ba42cb0f17eac74ed9b0726f383f3', 'bytes': 476633}}}
13:31:34 | INFO: Starting glTF 2.0 export
13:31:34 | INFO: Extracting primitive: Reservoir_banks.001
13:31:34 | INFO: Primitives created: 1
13:31:34 | INFO: Extracting primitive: Reservoir_terrain.001
13:31:34 | INFO: Primitives created: 3
13:31:34 | INFO: Extracting primitive: Reservoir_water_438.001
13:31:34 | INFO: Primitives created: 1
13:31:34 | INFO: Extracting primitive: Reservoir_water_440.001
13:31:34 | INFO: Primitives created: 1
13:31:34 | INFO: Extracting primitive: Reservoir_water_470.001
13:31:34 | INFO: Primitives created: 1
13:31:34 | INFO: Extracting primitive: Reservoir_water_472.001
13:31:34 | INFO: Primitives created: 1
13:31:34 | INFO: Draco encoder: Encoding mesh Reservoir_banks.
13:31:34 | INFO: Draco encoder: Encoding mesh Reservoir_terrain.
13:31:34 | INFO: Draco encoder: Encoding mesh Reservoir_water_438.
13:31:34 | INFO: Draco encoder: Encoding mesh Reservoir_water_440.
13:31:34 | INFO: Draco encoder: Encoding mesh Reservoir_water_470.
13:31:34 | INFO: Draco encoder: Encoding mesh Reservoir_water_472.
13:31:34 | INFO: Finished glTF 2.0 export in 0.04981493949890137 s

Info: Saved as "smooth.blend"
smooth {'triangles': 8909, 'waterTriangles': 591, 'bankQuads': 1379, 'collapsedFaces': 0, 'maxSamplerErrorMeters': np.float64(7.165157356325835e-10), 'boundarySamples': 1488, 'maximumBoundaryErrorMeters': 0.0001150052565623838, 'restoredCityBoundarySides': [], 'cityCutSamples': 0, 'maximumCityCutSamplerErrorMeters': 0.0, 'protectedWaterBanks': [], 'files': {'npz': {'sha256': '5e8e955e311f4473c28ceabbc64b608497c299c1eea3d7e7bca5066f656bc1cd', 'bytes': 239133}, 'glb': {'sha256': '71c421de4a4bdbf579756e3bc254ee8c67df63b811210866e14d82d6b52feb15', 'bytes': 439536}, 'blend': {'sha256': '63bec5234c46a705a44f27e3bf0956357dc32f84c02e45719c4e8ceaee558cec', 'bytes': 475882}}}
Blender 5.2.1 LTS (hash 9e2066aef7ef built 2026-08-25 01:35:57)
DracoEncoder | Preserve triangle order: no
DracoEncoder | Encoded 5516 vertices, 8274 indices, raw size: 148932, encoded size: 70484, compression ratio: 2.11
DracoEncoder | Preserve triangle order: no
DracoEncoder | Encoded 26244 vertices, 26244 indices, raw size: 682344, encoded size: 336079, compression ratio: 2.03
DracoEncoder | Preserve triangle order: no
DracoEncoder | Encoded 405 vertices, 405 indices, raw size: 10530, encoded size: 5437, compression ratio: 1.94
DracoEncoder | Preserve triangle order: no
DracoEncoder | Encoded 78 vertices, 78 indices, raw size: 2028, encoded size: 1024, compression ratio: 1.98
DracoEncoder | Preserve triangle order: no
DracoEncoder | Encoded 537 vertices, 537 indices, raw size: 13962, encoded size: 6594, compression ratio: 2.12
DracoEncoder | Preserve triangle order: no
DracoEncoder | Encoded 1047 vertices, 1047 indices, raw size: 27222, encoded size: 12778, compression ratio: 2.13
DracoEncoder | Preserve triangle order: no
DracoEncoder | Encoded 105 vertices, 105 indices, raw size: 2730, encoded size: 1353, compression ratio: 2.02
DracoEncoder | Preserve triangle order: no
DracoEncoder | Encoded 84 vertices, 84 indices, raw size: 2184, encoded size: 1097, compression ratio: 1.99
DracoEncoder | Preserve triangle order: no
DracoEncoder | Encoded 5516 vertices, 8274 indices, raw size: 148932, encoded size: 70484, compression ratio: 2.11
DracoEncoder | Preserve triangle order: no
DracoEncoder | Encoded 26244 vertices, 26244 indices, raw size: 682344, encoded size: 335091, compression ratio: 2.04
DracoEncoder | Preserve triangle order: no
DracoEncoder | Encoded 405 vertices, 405 indices, raw size: 10530, encoded size: 5437, compression ratio: 1.94
DracoEncoder | Preserve triangle order: no
DracoEncoder | Encoded 78 vertices, 78 indices, raw size: 2028, encoded size: 1024, compression ratio: 1.98
DracoEncoder | Preserve triangle order: no
DracoEncoder | Encoded 537 vertices, 537 indices, raw size: 13962, encoded size: 6594, compression ratio: 2.12
DracoEncoder | Preserve triangle order: no
DracoEncoder | Encoded 1047 vertices, 1047 indices, raw size: 27222, encoded size: 12778, compression ratio: 2.13
DracoEncoder | Preserve triangle order: no
DracoEncoder | Encoded 105 vertices, 105 indices, raw size: 2730, encoded size: 1353, compression ratio: 2.02
DracoEncoder | Preserve triangle order: no
DracoEncoder | Encoded 84 vertices, 84 indices, raw size: 2184, encoded size: 1097, compression ratio: 1.99

Blender quit
