INFO Draco is available, use library at /Applications/Blender.app/Contents/Resources/5.2/scripts/addons_core/io_scene_gltf2/libbf_intern_draco_bridge.dylib
INFO MeshOptimizer is available, use library at /Applications/Blender.app/Contents/Resources/5.2/scripts/addons_core/io_scene_gltf2/libbf_intern_meshopt_bridge.dylib
13:31:04 | INFO: Starting glTF 2.0 export
13:31:04 | INFO: Extracting primitive: Reservoir_banks
13:31:04 | INFO: Primitives created: 1
13:31:04 | INFO: Extracting primitive: Reservoir_terrain
13:31:04 | INFO: Primitives created: 3
13:31:04 | INFO: Extracting primitive: Reservoir_water_438
13:31:04 | INFO: Primitives created: 1
13:31:04 | INFO: Extracting primitive: Reservoir_water_440
13:31:04 | INFO: Primitives created: 1
13:31:04 | INFO: Extracting primitive: Reservoir_water_470
13:31:04 | INFO: Primitives created: 1
13:31:04 | INFO: Extracting primitive: Reservoir_water_472
13:31:04 | INFO: Primitives created: 1
13:31:04 | INFO: Draco encoder: Encoding mesh Reservoir_banks.
13:31:04 | INFO: Draco encoder: Encoding mesh Reservoir_terrain.
13:31:04 | INFO: Draco encoder: Encoding mesh Reservoir_water_438.
13:31:04 | INFO: Draco encoder: Encoding mesh Reservoir_water_440.
13:31:04 | INFO: Draco encoder: Encoding mesh Reservoir_water_470.
13:31:04 | INFO: Draco encoder: Encoding mesh Reservoir_water_472.
13:31:04 | INFO: Finished glTF 2.0 export in 0.0214231014251709 s

Info: Saved as "detail.blend"
detail {'triangles': 8897, 'waterTriangles': 591, 'bankQuads': 1379, 'collapsedFaces': 0, 'maxSamplerErrorMeters': np.float64(7.165157356325835e-10), 'boundarySamples': 1488, 'maximumBoundaryErrorMeters': 0.0006903543407821289, 'restoredCityBoundarySides': [], 'cityCutSamples': 0, 'maximumCityCutSamplerErrorMeters': 0.0, 'protectedWaterBanks': [], 'files': {'npz': {'sha256': '4f11854e7018376e317fab45449aabd373f4a259def5eb062e9efdf00509f8f6', 'bytes': 242281}, 'glb': {'sha256': '53cf3c6505255807891b24584419845f94476ade72f2aa84641c07f9234ec788', 'bytes': 440048}, 'blend': {'sha256': '731bfb6eb3edf306df7c5870fa6dc45b7bf6aef4f5cbd7755d43f9a9bc707bd9', 'bytes': 473317}}}
13:31:05 | INFO: Starting glTF 2.0 export
13:31:05 | INFO: Extracting primitive: Reservoir_banks.001
13:31:05 | INFO: Primitives created: 1
13:31:05 | INFO: Extracting primitive: Reservoir_terrain.001
13:31:05 | INFO: Primitives created: 3
13:31:05 | INFO: Extracting primitive: Reservoir_water_438.001
13:31:05 | INFO: Primitives created: 1
13:31:05 | INFO: Extracting primitive: Reservoir_water_440.001
13:31:05 | INFO: Primitives created: 1
13:31:05 | INFO: Extracting primitive: Reservoir_water_470.001
13:31:05 | INFO: Primitives created: 1
13:31:05 | INFO: Extracting primitive: Reservoir_water_472.001
13:31:05 | INFO: Primitives created: 1
13:31:05 | INFO: Draco encoder: Encoding mesh Reservoir_banks.
13:31:05 | INFO: Draco encoder: Encoding mesh Reservoir_terrain.
13:31:05 | INFO: Draco encoder: Encoding mesh Reservoir_water_438.
13:31:05 | INFO: Draco encoder: Encoding mesh Reservoir_water_440.
13:31:05 | INFO: Draco encoder: Encoding mesh Reservoir_water_470.
13:31:05 | INFO: Draco encoder: Encoding mesh Reservoir_water_472.
13:31:05 | INFO: Finished glTF 2.0 export in 0.015012025833129883 s

Info: Saved as "smooth.blend"
smooth {'triangles': 8897, 'waterTriangles': 591, 'bankQuads': 1379, 'collapsedFaces': 0, 'maxSamplerErrorMeters': np.float64(7.165157356325835e-10), 'boundarySamples': 1488, 'maximumBoundaryErrorMeters': 0.0001150052565623838, 'restoredCityBoundarySides': [], 'cityCutSamples': 0, 'maximumCityCutSamplerErrorMeters': 0.0, 'protectedWaterBanks': [], 'files': {'npz': {'sha256': '2dbc55b7f82f8283c1e88783cc1fb6d5b786505f6d3dc02d5199279096f9fbd5', 'bytes': 238953}, 'glb': {'sha256': '5ca0c344ddd8ee4d50034da69adc1581090374466e6f4bad10d9056a8aa2a934', 'bytes': 439084}, 'blend': {'sha256': 'ebcf703503cd40d8584e2d029c0e10a86df94cdcad9189ad5a9ec9624b606b33', 'bytes': 474005}}}
Blender 5.2.1 LTS (hash 9e2066aef7ef built 2026-08-25 01:35:57)
DracoEncoder | Preserve triangle order: no
DracoEncoder | Encoded 5516 vertices, 8274 indices, raw size: 148932, encoded size: 70484, compression ratio: 2.11
DracoEncoder | Preserve triangle order: no
DracoEncoder | Encoded 26244 vertices, 26244 indices, raw size: 682344, encoded size: 336079, compression ratio: 2.03
DracoEncoder | Preserve triangle order: no
DracoEncoder | Encoded 393 vertices, 393 indices, raw size: 10218, encoded size: 5279, compression ratio: 1.94
DracoEncoder | Preserve triangle order: no
DracoEncoder | Encoded 54 vertices, 54 indices, raw size: 1404, encoded size: 733, compression ratio: 1.92
DracoEncoder | Preserve triangle order: no
DracoEncoder | Encoded 537 vertices, 537 indices, raw size: 13962, encoded size: 6594, compression ratio: 2.12
DracoEncoder | Preserve triangle order: no
DracoEncoder | Encoded 1047 vertices, 1047 indices, raw size: 27222, encoded size: 12778, compression ratio: 2.13
DracoEncoder | Preserve triangle order: no
DracoEncoder | Encoded 105 vertices, 105 indices, raw size: 2730, encoded size: 1353, compression ratio: 2.02
DracoEncoder | Preserve triangle order: no
DracoEncoder | Encoded 84 vertices, 84 indices, raw size: 2184, encoded size: 1097, compression ratio: 1.99
DracoEncoder | Preserve triangle order: no
DracoEncoder | Encoded 5516 vertices, 8274 indices, raw size: 148932, encoded size: 70484, compression ratio: 2.11
DracoEncoder | Preserve triangle order: no
DracoEncoder | Encoded 26244 vertices, 26244 indices, raw size: 682344, encoded size: 335091, compression ratio: 2.04
DracoEncoder | Preserve triangle order: no
DracoEncoder | Encoded 393 vertices, 393 indices, raw size: 10218, encoded size: 5279, compression ratio: 1.94
DracoEncoder | Preserve triangle order: no
DracoEncoder | Encoded 54 vertices, 54 indices, raw size: 1404, encoded size: 733, compression ratio: 1.92
DracoEncoder | Preserve triangle order: no
DracoEncoder | Encoded 537 vertices, 537 indices, raw size: 13962, encoded size: 6594, compression ratio: 2.12
DracoEncoder | Preserve triangle order: no
DracoEncoder | Encoded 1047 vertices, 1047 indices, raw size: 27222, encoded size: 12778, compression ratio: 2.13
DracoEncoder | Preserve triangle order: no
DracoEncoder | Encoded 105 vertices, 105 indices, raw size: 2730, encoded size: 1353, compression ratio: 2.02
DracoEncoder | Preserve triangle order: no
DracoEncoder | Encoded 84 vertices, 84 indices, raw size: 2184, encoded size: 1097, compression ratio: 1.99

Blender quit
