{
  "status": "prepared-volume parity audit; unresolved structures and complete road/city integration pending",
  "sceneRoot": "/Users/wcqqq1214/Project/nanning-city-atlas/work/urban-structure/p5/staging",
  "toolsRoot": "/Users/wcqqq1214/Project/nanning-city-atlas",
  "checked": 1873,
  "hiddenBySitesOrRailway": 43,
  "compoundBuildings": 19,
  "largeReliefSiteReviews": 316,
  "maximumEnvelopeDifferenceMeters": 0.0,
  "toleranceMeters": 0.005,
  "unresolved": [
    {
      "index": 42,
      "id": "osm/e1161ecca08088257c8a",
      "sourceRef": "osm/way/451895605",
      "reason": "Dam requires a hydraulic-structure consumer: osm/e1161ecca08088257c8a"
    },
    {
      "index": 44,
      "id": "osm/ec7ff5e40cbbb6904bc3",
      "sourceRef": "osm/way/451895607",
      "reason": "Dam requires a hydraulic-structure consumer: osm/ec7ff5e40cbbb6904bc3"
    },
    {
      "index": 225,
      "id": "osm/5ae9b829076de2274e1e",
      "sourceRef": "osm/way/651997945",
      "reason": "Incomplete terrain under osm/5ae9b829076de2274e1e; site review required"
    },
    {
      "index": 999,
      "id": "osm/429206d2a43e43284a06",
      "sourceRef": "osm/way/838637420",
      "reason": "Dam requires a hydraulic-structure consumer: osm/429206d2a43e43284a06"
    },
    {
      "index": 1755,
      "id": "osm/4aa0a75908b7f599b5b1",
      "sourceRef": "osm/way/923687037",
      "reason": "Incomplete terrain under osm/4aa0a75908b7f599b5b1; site review required"
    }
  ],
  "mismatches": []
}
