[
  {
    "id": "osm/e1161ecca08088257c8a",
    "name": "",
    "sourceRef": "osm/way/451895605",
    "sourceTags": {
      "building": "dam",
      "source": "bing",
      "waterway": "dam"
    },
    "centroidLonLat": [
      108.23393172805476,
      22.871099061319924
    ],
    "overlapSquareMeters": {
      "candidateBuildingDisplayWater": 0.0,
      "candidateBuildingSourceWater": 0.0,
      "sourceBuildingSourceWater": 0.0
    },
    "sourceWaterDistanceMeters": 0.0,
    "uncoveredTerrainSquareMeters": {
      "detail": 0.06824403292283684,
      "smooth": 2.3418766925686896e-12
    },
    "nextAction": "dedicated reservoir/dam geometry; no residential height fallback"
  },
  {
    "id": "osm/ec7ff5e40cbbb6904bc3",
    "name": "",
    "sourceRef": "osm/way/451895607",
    "sourceTags": {
      "building": "dam",
      "source": "bing",
      "waterway": "dam"
    },
    "centroidLonLat": [
      108.2379999352368,
      22.872131372636517
    ],
    "overlapSquareMeters": {
      "candidateBuildingDisplayWater": 0.0,
      "candidateBuildingSourceWater": 0.0,
      "sourceBuildingSourceWater": 0.0
    },
    "sourceWaterDistanceMeters": 0.0,
    "uncoveredTerrainSquareMeters": {
      "detail": 1.4246416546459528e-11,
      "smooth": 2.5313001477886184e-11
    },
    "nextAction": "dedicated reservoir/dam geometry; no residential height fallback"
  },
  {
    "id": "osm/5ae9b829076de2274e1e",
    "name": "霁霖阁饭店",
    "sourceRef": "osm/way/651997945",
    "sourceTags": {
      "building": "commercial",
      "name": "霁霖阁饭店"
    },
    "centroidLonLat": [
      108.38539453401873,
      22.7857837730587
    ],
    "overlapSquareMeters": {
      "candidateBuildingDisplayWater": 44.636712090289514,
      "candidateBuildingSourceWater": 0.0,
      "sourceBuildingSourceWater": 0.0
    },
    "sourceWaterDistanceMeters": 2.2226958122143143,
    "uncoveredTerrainSquareMeters": {
      "detail": 44.63471174420669,
      "smooth": 44.710493307925034
    },
    "nextAction": "restore source shoreline and shared footprint geometry, then rebuild terrain/support; do not assume overwater construction"
  },
  {
    "id": "osm/429206d2a43e43284a06",
    "name": "水坝",
    "sourceRef": "osm/way/838637420",
    "sourceTags": {
      "building": "dam",
      "name": "水坝",
      "waterway": "dam"
    },
    "centroidLonLat": [
      108.14337615988642,
      22.818363418912462
    ],
    "overlapSquareMeters": {
      "candidateBuildingDisplayWater": 0.0,
      "candidateBuildingSourceWater": 0.0,
      "sourceBuildingSourceWater": 0.0
    },
    "sourceWaterDistanceMeters": 0.0,
    "uncoveredTerrainSquareMeters": {
      "detail": 0.6413107789810996,
      "smooth": 1.1377089049503797e-10
    },
    "nextAction": "dedicated reservoir/dam geometry; no residential height fallback"
  },
  {
    "id": "osm/4aa0a75908b7f599b5b1",
    "name": "",
    "sourceRef": "osm/way/923687037",
    "sourceTags": {
      "building": "yes"
    },
    "centroidLonLat": [
      108.33477546643216,
      22.81684489676976
    ],
    "overlapSquareMeters": {
      "candidateBuildingDisplayWater": 88.87749630591016,
      "candidateBuildingSourceWater": 0.15239705882090937,
      "sourceBuildingSourceWater": 0.0
    },
    "sourceWaterDistanceMeters": 0.0,
    "uncoveredTerrainSquareMeters": {
      "detail": 89.14017098695487,
      "smooth": 88.75974165234598
    },
    "nextAction": "restore source shoreline and shared footprint geometry, then rebuild terrain/support; do not assume overwater construction"
  }
]
